// Jest Snapshot v1, https://goo.gl/fbAQLP

exports[`PrintUtilities printMessageInBox prints a long message wrapped in a box using the console width 1`] = `
Array [
  " ╔══════════════════════════════╗ ",
  " ║    Lorem ipsum dolor sit     ║ ",
  " ║      amet, consectetuer      ║ ",
  " ║       adipiscing elit.       ║ ",
  " ║      Maecenas porttitor      ║ ",
  " ║     congue massa. Fusce      ║ ",
  " ║      posuere, magna sed      ║ ",
  " ║     pulvinar ultricies,      ║ ",
  " ║         purus lectus         ║ ",
  " ║    malesuada libero, sit     ║ ",
  " ║      amet commodo magna      ║ ",
  " ║       eros quis urna.        ║ ",
  " ╚══════════════════════════════╝ ",
  "",
]
`;

exports[`PrintUtilities printMessageInBox prints a long message wrapped in a wide box 1`] = `
Array [
  " ╔══════════════════════════════════════════════════════════════════════════════════════════════════════════════════════════════════════════════════════════════════════════════════════════════════════════════════════════════════════════════════════════════════════════════════════════════════════════╗ ",
  " ║                                              Lorem ipsum dolor sit amet, consectetuer adipiscing elit. Maecenas porttitor congue massa. Fusce posuere, magna sed pulvinar ultricies, purus lectus malesuada libero, sit amet commodo magna eros quis urna.                                               ║ ",
  " ╚══════════════════════════════════════════════════════════════════════════════════════════════════════════════════════════════════════════════════════════════════════════════════════════════════════════════════════════════════════════════════════════════════════════════════════════════════════════╝ ",
  "",
]
`;

exports[`PrintUtilities printMessageInBox prints a long message wrapped in narrow box 1`] = `
Array [
  " ╔══════════════════╗ ",
  " ║      Lorem       ║ ",
  " ║      ipsum       ║ ",
  " ║    dolor sit     ║ ",
  " ║      amet,       ║ ",
  " ║   consectetuer   ║ ",
  " ║    adipiscing    ║ ",
  " ║      elit.       ║ ",
  " ║     Maecenas     ║ ",
  " ║    porttitor     ║ ",
  " ║      congue      ║ ",
  " ║      massa.      ║ ",
  " ║      Fusce       ║ ",
  " ║     posuere,     ║ ",
  " ║    magna sed     ║ ",
  " ║     pulvinar     ║ ",
  " ║    ultricies,    ║ ",
  " ║      purus       ║ ",
  " ║      lectus      ║ ",
  " ║    malesuada     ║ ",
  " ║     libero,      ║ ",
  " ║     sit amet     ║ ",
  " ║     commodo      ║ ",
  " ║      magna       ║ ",
  " ║    eros quis     ║ ",
  " ║      urna.       ║ ",
  " ╚══════════════════╝ ",
  "",
]
`;

exports[`PrintUtilities printMessageInBox respects spaces and newlines in a pre-formatted message 1`] = `
Array [
  " ╔════════════════════════════════════════════════╗ ",
  " ║    An error occurred while pushing commits     ║ ",
  " ║      to git remote. Please make sure you       ║ ",
  " ║    have installed and enabled git lfs. The     ║ ",
  " ║       easiest way to do that is run the        ║ ",
  " ║             provided setup script:             ║ ",
  " ║                                                ║ ",
  " ║            common/scripts/setup.sh             ║ ",
  " ║                                                ║ ",
  " ╚════════════════════════════════════════════════╝ ",
  "",
]
`;

exports[`PrintUtilities wrapWords applies pre-existing indents on both margins 1`] = `
Array [
  "Lorem ipsum dolor sit amet, consectetuer",
  "adipiscing elit. Maecenas porttitor congue massa.",
  "",
  "    Lorem ipsum dolor sit amet, consectetuer",
  "    adipiscing elit. Maecenas porttitor",
  "    congue massa.",
  "",
  "Lorem ipsum dolor sit amet, consectetuer",
  "adipiscing elit. Maecenas porttitor congue massa.",
]
`;

exports[`PrintUtilities wrapWords respects spaces and newlines in a pre-formatted message 1`] = `
Array [
  "    An error occurred while pushing commits",
  "    to git remote. Please make sure you have",
  "    installed and enabled git lfs. The",
  "    easiest way to do that is run the",
  "    provided setup script:",
  "    ",
  "        common/scripts/setup.sh",
  "    ",
]
`;
