// Jest Snapshot v1, https://goo.gl/fbAQLP

exports[`Utilities usingAsync Disposes correctly after the operation throws an exception 1`] = `[Error: operation threw]`;

exports[`Utilities usingAsync Does not dispose if the construction throws an exception 1`] = `[Error: constructor threw]`;
