// Jest Snapshot v1, https://goo.gl/fbAQLP

exports[`Ambiguous CommandLineParser can execute the non-ambiguous scoped long names 1`] = `
"usage: example do:the-job [-h] [--short1 ARG] [--short2 ARG]
                          [--scope1:arg ARG] [--scope2:arg ARG]
                          [--non-conflicting-arg ARG]
                          

a longer description

Optional arguments:
  -h, --help            Show this help message and exit.
  --short1 ARG          The argument
  --short2 ARG          The argument
  --scope1:arg ARG      The argument
  --scope2:arg ARG      The argument
  --non-conflicting-arg ARG, --scope:non-conflicting-arg ARG
                        The argument
"
`;

exports[`Ambiguous CommandLineParser can execute the non-ambiguous scoped long names 2`] = `
Object {
  "--scope1:arg": "\\"scope1value\\"",
  "--scope2:arg": "\\"scope2value\\"",
  "--scope:non-conflicting-arg": "\\"nonconflictingvalue\\"",
  "--short1": "\\"short1value\\"",
  "--short2": "\\"short2value\\"",
}
`;

exports[`Ambiguous CommandLineParser fails to execute when an ambiguous long name is provided 1`] = `"The parameter name \\"--arg\\" is ambiguous. It could refer to any of the following parameters: \\"--scope1:arg\\", \\"--scope2:arg\\""`;

exports[`Ambiguous CommandLineParser fails to execute when an ambiguous short name is provided 1`] = `"The short parameter name \\"-s\\" is ambiguous. It could refer to any of the following parameters: \\"--short1\\", \\"--short2\\""`;

exports[`Ambiguous scoping CommandLineParser fails to execute when an ambiguous long name is provided to a scoping action 1`] = `"The parameter name \\"--arg\\" is ambiguous. It could refer to any of the following parameters: \\"--scope1:arg\\", \\"--scope2:arg\\""`;

exports[`Ambiguous scoping CommandLineParser fails to execute when an ambiguous short name is provided to a scoping action 1`] = `"The short parameter name \\"-s\\" is ambiguous. It could refer to any of the following parameters: \\"--short1\\", \\"--short2\\""`;

exports[`Ambiguous scoping CommandLineParser fails to execute when an ambiguous short name is provided to a scoping action with a matching ambiguous long name 1`] = `"The short parameter name \\"-a\\" is ambiguous. It could refer to any of the following parameters: \\"--scope1:arg\\", \\"--scope2:arg\\", \\"--non-conflicting-arg\\""`;
