// Jest Snapshot v1, https://goo.gl/fbAQLP

exports[`PrefixProxyTerminalProvider With a dynamic prefix write writes a message 1`] = `
Object {
  "debug": "",
  "error": "",
  "log": "[prefix (0)] test message",
  "verbose": "",
  "warning": "",
}
`;

exports[`PrefixProxyTerminalProvider With a dynamic prefix write writes a message with newlines 1`] = `
Object {
  "debug": "",
  "error": "",
  "log": "[prefix (0)] message 1[n][prefix (1)] message 2[n][prefix (2)] message 3",
  "verbose": "",
  "warning": "",
}
`;

exports[`PrefixProxyTerminalProvider With a dynamic prefix write writes a message with provider newlines 1`] = `
Object {
  "debug": "",
  "error": "",
  "log": "[prefix (0)] message 1[n][prefix (1)] message 2[n][prefix (2)] message 3",
  "verbose": "",
  "warning": "",
}
`;

exports[`PrefixProxyTerminalProvider With a dynamic prefix write writes a mix of messages with and without newlines 1`] = `
Object {
  "debug": "",
  "error": "",
  "log": "[prefix (0)] message 1message 2[n][prefix (1)] message 3[n][prefix (2)] message 4message 5[n][prefix (3)] message 6",
  "verbose": "",
  "warning": "",
}
`;

exports[`PrefixProxyTerminalProvider With a dynamic prefix write writes messages without newlines 1`] = `
Object {
  "debug": "",
  "error": "",
  "log": "[prefix (0)] message 1message 2message 3",
  "verbose": "",
  "warning": "",
}
`;

exports[`PrefixProxyTerminalProvider With a dynamic prefix writeLine writes a message line 1`] = `
Object {
  "debug": "",
  "error": "",
  "log": "[prefix (0)] test message[n]",
  "verbose": "",
  "warning": "",
}
`;

exports[`PrefixProxyTerminalProvider With a dynamic prefix writeLine writes a message line with newlines 1`] = `
Object {
  "debug": "",
  "error": "",
  "log": "[prefix (0)] message 1[n][prefix (1)] message 2[n][prefix (2)] message 3[n]",
  "verbose": "",
  "warning": "",
}
`;

exports[`PrefixProxyTerminalProvider With a dynamic prefix writeLine writes a message line with provider newlines 1`] = `
Object {
  "debug": "",
  "error": "",
  "log": "[prefix (0)] message 1[n][prefix (1)] message 2[n][prefix (2)] message 3[n]",
  "verbose": "",
  "warning": "",
}
`;

exports[`PrefixProxyTerminalProvider With a dynamic prefix writeLine writes a mix of message lines with and without newlines 1`] = `
Object {
  "debug": "",
  "error": "",
  "log": "[prefix (0)] message 1[n][prefix (1)] message 2[n][prefix (2)] message 3[n][prefix (3)] [n][prefix (4)] message 4[n][prefix (5)] message 5[n][prefix (6)] message 6[n]",
  "verbose": "",
  "warning": "",
}
`;

exports[`PrefixProxyTerminalProvider With a static prefix write writes a message 1`] = `
Object {
  "debug": "",
  "error": "",
  "log": "[prefix] test message",
  "verbose": "",
  "warning": "",
}
`;

exports[`PrefixProxyTerminalProvider With a static prefix write writes a message with newlines 1`] = `
Object {
  "debug": "",
  "error": "",
  "log": "[prefix] message 1[n][prefix] message 2[n][prefix] message 3",
  "verbose": "",
  "warning": "",
}
`;

exports[`PrefixProxyTerminalProvider With a static prefix write writes a message with provider newlines 1`] = `
Object {
  "debug": "",
  "error": "",
  "log": "[prefix] message 1[n][prefix] message 2[n][prefix] message 3",
  "verbose": "",
  "warning": "",
}
`;

exports[`PrefixProxyTerminalProvider With a static prefix write writes a mix of messages with and without newlines 1`] = `
Object {
  "debug": "",
  "error": "",
  "log": "[prefix] message 1message 2[n][prefix] message 3[n][prefix] message 4message 5[n][prefix] message 6",
  "verbose": "",
  "warning": "",
}
`;

exports[`PrefixProxyTerminalProvider With a static prefix write writes messages without newlines 1`] = `
Object {
  "debug": "",
  "error": "",
  "log": "[prefix] message 1message 2message 3",
  "verbose": "",
  "warning": "",
}
`;

exports[`PrefixProxyTerminalProvider With a static prefix writeLine writes a message line 1`] = `
Object {
  "debug": "",
  "error": "",
  "log": "[prefix] test message[n]",
  "verbose": "",
  "warning": "",
}
`;

exports[`PrefixProxyTerminalProvider With a static prefix writeLine writes a message line with newlines 1`] = `
Object {
  "debug": "",
  "error": "",
  "log": "[prefix] message 1[n][prefix] message 2[n][prefix] message 3[n]",
  "verbose": "",
  "warning": "",
}
`;

exports[`PrefixProxyTerminalProvider With a static prefix writeLine writes a message line with provider newlines 1`] = `
Object {
  "debug": "",
  "error": "",
  "log": "[prefix] message 1[n][prefix] message 2[n][prefix] message 3[n]",
  "verbose": "",
  "warning": "",
}
`;

exports[`PrefixProxyTerminalProvider With a static prefix writeLine writes a mix of message lines with and without newlines 1`] = `
Object {
  "debug": "",
  "error": "",
  "log": "[prefix] message 1[n][prefix] message 2[n][prefix] message 3[n][prefix] [n][prefix] message 4[n][prefix] message 5[n][prefix] message 6[n]",
  "verbose": "",
  "warning": "",
}
`;
